// Jest Snapshot v1, https://goo.gl/fbAQLP

exports[`<CreateItem/> handles state update 1`] = `
Object {
  "description": "A cool one",
  "image": "",
  "largeImage": "",
  "price": "50000",
  "title": "Testing",
}
`;

exports[`<CreateItem/> renders and match snapshot 1`] = `
<form
  className="Form-sc-1xszr8q-0 krRxky"
  onSubmit={[Function]}
>
  <DisplayError
    error={Object {}}
  />
  <fieldset
    aria-busy={false}
    disabled={false}
  >
    <label
      htmlFor="file"
    >
      Image
      <input
        id="file"
        name="file"
        onChange={[Function]}
        placeholder="Upload an image"
        required={true}
        type="file"
      />
    </label>
    <label
      htmlFor="title"
    >
      Title
      <input
        id="title"
        name="title"
        onChange={[Function]}
        placeholder="Title"
        required={true}
        type="text"
        value=""
      />
    </label>
    <label
      htmlFor="price"
    >
      Price
      <input
        id="price"
        name="price"
        onChange={[Function]}
        placeholder="Price"
        required={true}
        type="number"
        value={0}
      />
    </label>
    <label
      htmlFor="description"
    >
      Description
      <textarea
        id="description"
        name="description"
        onChange={[Function]}
        placeholder="Enter a Description"
        required={true}
        type="description"
        value=""
      />
    </label>
    <button
      type="Submit"
    >
      Submit
    </button>
  </fieldset>
</form>
`;
