// Jest Snapshot v1, https://goo.gl/fbAQLP

exports[`<Pagination/> renders pagination for 18 items 1`] = `
Array [
  <p>
    Page 
    1
     of 
    5
  </p>,
  <p>
    18
     Items Total
  </p>,
]
`;

exports[`<Pagination/> renders pagination for 18 items 2`] = `
Array [
  <Link
    href={
      Object {
        "path": "./items",
        "query": Object {
          "page": 0,
        },
      }
    }
    prefetch={true}
  >
    <a
      aria-disabled={true}
      className="prev"
      href="?page=0"
      onClick={[Function]}
    >
      ⬅ Prev
    </a>
  </Link>,
  <Link
    href={
      Object {
        "path": "./items",
        "query": Object {
          "page": 2,
        },
      }
    }
    prefetch={true}
  >
    <a
      aria-disabled={false}
      className="next"
      href="?page=2"
      onClick={[Function]}
    >
      Next ➡
    </a>
  </Link>,
]
`;
