// Jest Snapshot v1, https://goo.gl/fbAQLP

exports[`<RequestReset/> calls the mutation 1`] = `
<p>
  Success! Check your email for reset link
</p>
`;

exports[`<RequestReset/> renders and match snapshot 1`] = `
<form
  className="Form-sc-1xszr8q-0 krRxky"
  method="POST"
  onSubmit={[Function]}
>
  <DisplayError
    error={Object {}}
  />
  <fieldset
    aria-busy={false}
    disabled={false}
  >
    <h2>
      Sign In
    </h2>
    <label
      htmlFor="email"
    >
      Email
      <input
        id="email"
        name="email"
        onChange={[Function]}
        placeholder="Email"
        required={true}
        type="email"
        value=""
      />
    </label>
    <button
      type="Submit"
    >
      Reset Password
    </button>
  </fieldset>
</form>
`;
